[INFO] Scanning for projects...
[INFO] 
[INFO] ---------------< com.complainthub:complaint-management >----------------
[INFO] Building complaint-management 1.0.0
[INFO]   from pom.xml
[INFO] --------------------------------[ jar ]---------------------------------
[INFO] 
[INFO] --- clean:3.3.2:clean (default-clean) @ complaint-management ---
[INFO] Deleting D:\My Java Project\Complaint management system\backend cms\target
[INFO] ------------------------------------------------------------------------
[INFO] BUILD FAILURE
[INFO] ------------------------------------------------------------------------
[INFO] Total time:  1.931 s
[INFO] Finished at: 2026-03-18T12:09:04+05:30
[INFO] ------------------------------------------------------------------------
[ERROR] Failed to execute goal org.apache.maven.plugins:maven-clean-plugin:3.3.2:clean (default-clean) on project complaint-management: Failed to clean project: Failed to delete D:\My Java Project\Complaint management system\backend cms\target\complaint-management-1.0.0.jar -> [Help 1]
[ERROR] 
[ERROR] To see the full stack trace of the errors, re-run Maven with the -e switch.
[ERROR] Re-run Maven using the -X switch to enable full debug logging.
[ERROR] 
[ERROR] For more information about the errors and possible solutions, please read the following articles:
[ERROR] [Help 1] http://cwiki.apache.org/confluence/display/MAVEN/MojoExecutionException
